src/pages/Services.tsx(27,2): error TS1005: ',' expected.
src/pages/Services.tsx(29,8): error TS1005: ':' expected.
src/pages/Services.tsx(29,18): error TS1005: ',' expected.
src/pages/Services.tsx(29,23): error TS1005: ',' expected.
src/pages/Services.tsx(29,75): error TS1005: ':' expected.
src/pages/Services.tsx(31,25): error TS1005: ':' expected.
src/pages/Services.tsx(31,36): error TS1005: ',' expected.
src/pages/Services.tsx(32,9): error TS1005: ',' expected.
src/pages/Services.tsx(325,1): error TS1128: Declaration or statement expected.
